array
TRACE START [2010-04-16 12:23:42]
    0.0155     626864     -> array_map('strlen', array (0 => 'a', 1 => 'bb', 2 => 'ccc')) /Users/johann/src/xdebug/tests/array_map.php:5
    0.0156     627504     -> gettype(array (0 => 1, 1 => 2, 2 => 3)) /Users/johann/src/xdebug/tests/array_map.php:7
    0.0157     627504     -> file_get_contents('/tmp/xdt4bc856ce65e983.20934578.xt') /Users/johann/src/xdebug/tests/array_map.php:9